o ametsuchi_test
o amount_test
o base64_test
o blob_converter_test
o block_converter_test
o block_insertion_test
x block_loader_test
o chain_validation_test
x client_test
o cluster_order_test
o command_converter_test
o command_validate_execute_test
o consensus_sunny_day
o flat_file_test
o hash_test
o json_block_converter_test
o json_command_converter_test
o json_query_factory_test
o json_transaction_converter_test
o logger_test
o map_queue_test
o model_crypto_provider_test
o model_hash_provider_test
o model_operators_test
o ordering_gate_service_test
x ordering_gate_test
x ordering_service_test
o pb_query_factory_test
o query_execution
o query_processor_test
o query_responses_test
o query_service_test
o rxcpp_subject_usage
o signature_test
o simulator_test
o stateless_transaction_validator_test
o static_map
o synchronizer_test
o tbb_test
o testing_storage_test
o test_subscriber_testing
o time_test
x torii_queries_test
x torii_service_test
o transaction_converter_test
o transaction_processor_test
o tx_pipeline_integration_test
o uvw_test
o yac_block_storage_test
o yac_cold_case_test
o yac_common_test
o yac_gate_test
o yac_hash_provider_test
x yac_network_test
o yac_peer_orderer_test
o yac_proposal_storage_test
o yac_sunny_day_test
o yac_timer_test
